---
source: crates/rtcom-tui/src/app.rs
assertion_line: 575
expression: terminal.backend()
---
" rtcom 0.2.0   /dev/ttyUSB0  115200 8N1 none                                                                            "
"█                                                                                                                       "
"                                                                                                                        "
"                                                                                                                        "
"                                                                                                                        "
"                                                                                                                        "
"                                                                                                                        "
"                                                                                                                        "
"                                                                                                                        "
"                                                                                                                        "
"                                                                                                                        "
"                                                                                                                        "
"                                                                                                                        "
"                                                                                                                        "
"                                             ┌Configuration───────────────┐                                             "
"                                             │> Serial port setup         │                                             "
"                                             │  Line endings              │                                             "
"                                             │  Modem control             │                                             "
"                                             │----------------------------│                                             "
"                                             │  Write profile             │                                             "
"                                             │  Read profile              │                                             "
"                                             │----------------------------│                                             "
"                                             │  Screen options            │                                             "
"                                             │  Exit menu                 │                                             "
"                                             │                            │                                             "
"                                             └────────────────────────────┘                                             "
"                                                                                                                        "
"                                                                                                                        "
"                                                                                                                        "
"                                                                                                                        "
"                                                                                                                        "
"                                                                                                                        "
"                                                                                                                        "
"                                                                                                                        "
"                                                                                                                        "
"                                                                                                                        "
"                                                                                                                        "
"                                                                                                                        "
"                                                                                                                        "
" ^A m menu · ^A ? help · ^A ^Q quit                                                                                     "
