---
source: crates/rtcom-tui/src/app.rs
assertion_line: 546
expression: terminal.backend()
---
" rtcom 0.2.0   /dev/ttyUSB0  115200 8N1 none                                    "
"i  profile saved: ~/.config/rtcom/default.toml                                  "
"                                                                                "
"                                                                                "
"                                                                                "
"                                                                                "
"                                                                                "
"                                                                                "
"                                                                                "
"                                                                                "
"                                                                                "
"                                                                                "
"                                                                                "
"                                                                                "
"                                                                                "
"                                                                                "
"                                                                                "
"                                                                                "
"                                                                                "
"                                                                                "
"                                                                                "
"                                                                                "
"                                                                                "
" ^A m menu · ^A ? help · ^A ^Q quit                                             "
