---
source: crates/rtcom-tui/src/app.rs
assertion_line: 515
expression: terminal.backend()
---
" rtcom 0.2.0   /dev/ttyUSB0  115200 8N1 none                                    "
"█                                                                               "
"                                                                                "
"                  ┌Serial port setup─────────────────────────┐                  "
"                  │                                          │                  "
"                  │> Baud rate    115200                     │                  "
"                  │  Data bits    8                          │                  "
"                  │  Stop bits    1                          │                  "
"                  │  Parity       none                       │                  "
"                  │  Flow ctrl    none                       │                  "
"                  │                                          │                  "
"                  │------------------------------------------│                  "
"                  │                                          │                  "
"                  │  [Apply live]       (F2)                 │                  "
"                  │  [Apply + Save]     (F10)                │                  "
"                  │  [Cancel]           (Esc)                │                  "
"                  │                                          │                  "
"                  │                                          │                  "
"                  │                                          │                  "
"                  │                                          │                  "
"                  └──────────────────────────────────────────┘                  "
"                                                                                "
"                                                                                "
" ^A m menu · ^A ? help · ^A ^Q quit                                             "
